Microchip MPLAB XC8 Compiler V2.35

Linker command line:

-W-3 --edf=C:\Program Files\Microchip\xc8\v2.35\pic\dat\en_msgs.txt -cn \
  -h+dist/default/production\Calibraci_n.X.production.sym \
  --cmf=dist/default/production\Calibraci_n.X.production.cmf -z -Q18F4550 \
  -oC:\Users\saenz\AppData\Local\Temp\xcAsgeg.4 --defsym=__MPLAB_BUILD=1 \
  -Mdist/default/production/Calibraci_n.X.production.map \
  --md=C:\Users\saenz\AppData\Local\Temp\xcAsgeg.dat -E1 -ver=XC8 Compiler \
  --acfsm=1493 -ACODE=00h-07FFFh -ACONST=00h-07FFFh \
  -ASMALLCONST=0800h-08FFhx120 -AMEDIUMCONST=0800h-07FFFh -ACOMRAM=01h-05Fh \
  -AABS1=00h-07FFh -ABIGRAM=01h-07FFh -ARAM=060h-0FFh,0100h-01FFhx7 \
  -ABANK0=060h-0FFh -ABANK1=0100h-01FFh -ABANK2=0200h-02FFh \
  -ABANK3=0300h-03FFh -ABANK4=0400h-04FFh -ABANK5=0500h-05FFh \
  -ABANK6=0600h-06FFh -ABANK7=0700h-07FFh -ASFR=0F60h-0FFFh \
  -ABIGSFR=0F60h-0FFFh -ACONFIG=0300000h-030000Dh -AIDLOC=0200000h-0200007h \
  -AEEDATA=0F00000h-0F000FFh -peeprom_data=EEDATA \
  -preset_vec=00h,intcode,intcodelo,powerup,init -pramtop=0800h \
  -psmallconst=SMALLCONST -pmediumconst=MEDIUMCONST -pconst=CONST \
  -AFARRAM=00h-00h \
  -prdata=COMRAM,nvrram=COMRAM,nvbit=COMRAM,rbss=COMRAM,rbit=COMRAM \
  -pfarbss=FARRAM,fardata=FARRAM,nvFARRAM=FARRAM \
  -pintsave_regs=BIGRAM,bigbss=BIGRAM,bigdata=BIGRAM -pbss=RAM \
  -pidata=CODE,irdata=CODE,ibigdata=CODE,ifardata=CODE -prparam=COMRAM \
  C:\Users\saenz\AppData\Local\Temp\xcAsgeg.o \
  dist/default/production\Calibraci_n.X.production.o 

Object code version is 3.11

Machine type is 18F4550



                Name                               Link     Load   Length Selector   Space Scale
C:\Users\saenz\AppData\Local\Temp\xcAsgeg.o
                idloc                            200000   200000        8        0       5
                config                           300000   300000        E        0       4
                init                                  0        0        4        0       0
dist/default/production\Calibraci_n.X.production.o
                idloc                            200000   200000        8        0       5
                config                           300000   300000        E        0       4
                smallconst                          800      800       14      400       0
                text44                             1008     1008      124      40A       0
                text43                             1E2C     1E2C       14      40A       0
                text42                             1DB8     1DB8       26      40A       0
                text41                             1D28     1D28       38      40A       0
                text40                             1A8A     1A8A       52      40A       0
                text39                              D8E      D8E      150      40A       0
                text38                             164C     164C       B0      40A       0
                text37                             1238     1238       F6      40A       0
                text36                             1A38     1A38       52      40A       0
                text35                             1E52     1E52       12      40A       0
                text34                             1E40     1E40       12      40A       0
                text33                             1E8E     1E8E        E      40A       0
                text32                             1E18     1E18       14      40A       0
                text31                             1DDE     1DDE       24      40A       0
                text30                             1BC8     1BC8       4E      40A       0
                text29                             1848     1848       80      40A       0
                text28                             1B7A     1B7A       4E      40A       0
                text27                             17A2     17A2       A6      40A       0
                text26                             1B2C     1B2C       4E      40A       0
                text25                             1D60     1D60       32      40A       0
                text24                             1C16     1C16       48      40A       0
                text23                             1E02     1E02       16      40A       0
                text22                             132E     132E       EC      40A       0
                text21                             1ADC     1ADC       50      40A       0
                text20                              C02      C02      18C      40A       0
                text19                             1EA4     1EA4        6      40A       0
                text18                             112C     112C      10C      40A       0
                text17                             18C8     18C8       70      40A       0
                text16                             1C5E     1C5E       46      40A       0
                text15                             19E6     19E6       52      40A       0
                text14                             1E80     1E80        E      40A       0
                text13                             1E72     1E72        E      40A       0
                text12                             1E9C     1E9C        8      40A       0
                text11                             1E64     1E64        E      40A       0
                text10                             1CE6     1CE6       42      40A       0
                text9                              16FC     16FC       A6      40A       0
                text8                              141A     141A       C4      40A       0
                text7                              159C     159C       B0      40A       0
                text6                              1994     1994       52      40A       0
                text5                              14DE     14DE       BE      40A       0
                text4                              1938     1938       5C      40A       0
                text3                              1D92     1D92       26      40A       0
                text2                               A20      A20      1E2      40A       0
                text1                               EDE      EDE      12A      40A       0
                text0                               814      814      20C      40A       0
                cstackCOMRAM                         32       32       27        1       1
                bssBANK0                             60       60       21       60       1
                dataCOMRAM                           59       59        5        1       1
                bssCOMRAM                             1        1       31        1       1
                cinit                              1CA4     1CA4       42      40A       0
                idataCOMRAM                        1EAA     1EAA        5      40A       0

TOTAL           Name                               Link     Load   Length     Space
        CLASS   CODE           
                init                                  0        0        4         0
                text44                             1008     1008      124         0
                text43                             1E2C     1E2C       14         0
                text42                             1DB8     1DB8       26         0
                text41                             1D28     1D28       38         0
                text40                             1A8A     1A8A       52         0
                text39                              D8E      D8E      150         0
                text38                             164C     164C       B0         0
                text37                             1238     1238       F6         0
                text36                             1A38     1A38       52         0
                text35                             1E52     1E52       12         0
                text34                             1E40     1E40       12         0
                text33                             1E8E     1E8E        E         0
                text32                             1E18     1E18       14         0
                text31                             1DDE     1DDE       24         0
                text30                             1BC8     1BC8       4E         0
                text29                             1848     1848       80         0
                text28                             1B7A     1B7A       4E         0
                text27                             17A2     17A2       A6         0
                text26                             1B2C     1B2C       4E         0
                text25                             1D60     1D60       32         0
                text24                             1C16     1C16       48         0
                text23                             1E02     1E02       16         0
                text22                             132E     132E       EC         0
                text21                             1ADC     1ADC       50         0
                text20                              C02      C02      18C         0
                text19                             1EA4     1EA4        6         0
                text18                             112C     112C      10C         0
                text17                             18C8     18C8       70         0
                text16                             1C5E     1C5E       46         0
                text15                             19E6     19E6       52         0
                text14                             1E80     1E80        E         0
                text13                             1E72     1E72        E         0
                text12                             1E9C     1E9C        8         0
                text11                             1E64     1E64        E         0
                text10                             1CE6     1CE6       42         0
                text9                              16FC     16FC       A6         0
                text8                              141A     141A       C4         0
                text7                              159C     159C       B0         0
                text6                              1994     1994       52         0
                text5                              14DE     14DE       BE         0
                text4                              1938     1938       5C         0
                text3                              1D92     1D92       26         0
                text2                               A20      A20      1E2         0
                text1                               EDE      EDE      12A         0
                text0                               814      814      20C         0
                cinit                              1CA4     1CA4       42         0
                idataCOMRAM                        1EAA     1EAA        5         0

        CLASS   CONST          

        CLASS   SMALLCONST     
                smallconst                          800      800       14         0

        CLASS   MEDIUMCONST    

        CLASS   COMRAM         
                cstackCOMRAM                         32       32       27         1
                dataCOMRAM                           59       59        5         1
                bssCOMRAM                             1        1       31         1

        CLASS   ABS1           

        CLASS   BIGRAM         

        CLASS   RAM            

        CLASS   BANK0          
                bssBANK0                             60       60       21         1

        CLASS   BANK1          

        CLASS   BANK2          

        CLASS   BANK3          

        CLASS   BANK4          

        CLASS   BANK5          

        CLASS   BANK6          

        CLASS   BANK7          

        CLASS   SFR            

        CLASS   BIGSFR         

        CLASS   CONFIG         
                config                           300000   300000        E         4

        CLASS   IDLOC          
                idloc                            200000   200000        8         5

        CLASS   EEDATA         

        CLASS   FARRAM         

        CLASS   HEAP           

        CLASS   STACK          



SEGMENTS        Name                           Load    Length   Top    Selector   Space  Class

                reset_vec                      000000  000004  000004         0       0  CODE    
                bssCOMRAM                      000001  00005D  00005E         1       1  COMRAM  
                bssBANK0                       000060  000021  000081        60       1  BANK0   
                smallconst                     000800  000014  000814       400       0  SMALLCON
                text0                          000814  00169B  001EAF       40A       0  CODE    


UNUSED ADDRESS RANGES

        Name                Unused          Largest block    Delta
        BANK0            000081-0000FF               7F
        BANK1            000100-0001FF              100
        BANK2            000200-0002FF              100
        BANK3            000300-0003FF              100
        BANK4            000400-0004FF              100
        BANK5            000500-0005FF              100
        BANK6            000600-0006FF              100
        BANK7            000700-0007FF              100
        BIGRAM           00005E-00005F                2
                         000081-0007FF              77F
        BIGSFR           000F60-000FFF               A0
        CODE             000004-0007FF              7FC
                         001EAF-007FFF             6151
        COMRAM           00005E-00005F                2
        CONST            000004-0007FF              7FC
                         001EAF-007FFF             6151
        EEDATA           F00000-F000FF              100
        MEDIUMCONST      001EAF-007FFF             6151
        RAM              000081-0007FF              100
        SFR              000F60-000FFF               A0
        SMALLCONST       001EAF-007FFF              100

                                  Symbol Table

?_ADC_LecturaFiltro                     cstackCOMRAM 000040
?_Lectura_Memoria                       cstackCOMRAM 000043
?_Leer_Canal_ADC                        cstackCOMRAM 000032
?___aldiv                               cstackCOMRAM 000032
?___awdiv                               cstackCOMRAM 000032
?___awmod                               cstackCOMRAM 000032
?___wmul                                cstackCOMRAM 000032
?_atoi                                  cstackCOMRAM 000039
?_isdigit                               cstackCOMRAM 000032
?_isspace                               cstackCOMRAM 000032
?_strlen                                cstackCOMRAM 000032
ADC_Init@ADQT                           cstackCOMRAM 000034
ADC_Init@Clock                          cstackCOMRAM 000033
ADC_Init@Vref                           cstackCOMRAM 000032
ADC_Init@entradas_analogicas            cstackCOMRAM 000038
ADC_Init@estado                         cstackCOMRAM 000036
ADC_Init@justificacion                  cstackCOMRAM 000035
ADC_LecturaFiltro@Canal                 cstackCOMRAM 000042
ADC_LecturaFiltro@i                     cstackCOMRAM 000049
ADC_LecturaFiltro@lectura               cstackCOMRAM 000047
ADC_LecturaFiltro@n                     cstackCOMRAM 000040
Calibration_Automatic@s                 cstackCOMRAM 000050
Calibration_Run@i                       cstackCOMRAM 000052
Calibration_Set@s                       cstackCOMRAM 00004B
Concat_Value@Lectura0                   cstackCOMRAM 000046
Concat_Value@Lectura1                   cstackCOMRAM 000048
Concat_Value@Lectura2                   cstackCOMRAM 00004A
Concat_Value@Lectura3                   cstackCOMRAM 00004C
Concat_Value@Lectura4                   cstackCOMRAM 00004E
Concat_Value@Lectura5                   cstackCOMRAM 000050
Concat_Value@Lectura6                   cstackCOMRAM 000052
Concat_Value@Lectura7                   cstackCOMRAM 000054
Concat_Value@id                         cstackCOMRAM 000044
EEPROM_Decodificacion_Memoria@direccion cstackCOMRAM 000034
EEPROM_Rx@direccion                     cstackCOMRAM 000032
EEPROM_Tx@dato                          cstackCOMRAM 000032
EEPROM_Tx@direccion                     cstackCOMRAM 000033
Escritura_Memoria@direccion             cstackCOMRAM 000036
Escritura_Memoria@direccionFinal        cstackCOMRAM 000037
Escritura_Memoria@i                     cstackCOMRAM 000038
Escritura_Memoria@string_pot            cstackCOMRAM 000034
Lectura_Memoria@counter                 cstackCOMRAM 000049
Lectura_Memoria@direccion               cstackCOMRAM 000045
Lectura_Memoria@direccionX              cstackCOMRAM 000048
Lectura_Memoria@i                       cstackCOMRAM 00004C
Lectura_Memoria@i_1218                  cstackCOMRAM 00004E
Lectura_Memoria@potenciometro           cstackCOMRAM 000046
Lectura_Memoria@potenciometro_value     cstackCOMRAM 00004A
Leer_Canal_ADC@ADC                      cstackCOMRAM 000036
Leer_Canal_ADC@Canal                    cstackCOMRAM 000035
Pot_Change@amount                       cstackCOMRAM 000037
Pot_Change@direction                    cstackCOMRAM 000036
Pot_Change@i                            cstackCOMRAM 000039
Pot_Change@sensor                       cstackCOMRAM 00003A
Pot_Change_Vref@amount                  cstackCOMRAM 000036
Pot_Change_Vref@direction               cstackCOMRAM 000038
Pot_Change_Vref@i                       cstackCOMRAM 000039
Pot_Decrease@amount                     cstackCOMRAM 00003B
Pot_Decrease@sensor                     cstackCOMRAM 00003C
Pot_Decrease_Vref@amount                cstackCOMRAM 00003A
Pot_Increase@amount                     cstackCOMRAM 00003B
Pot_Increase@sensor                     cstackCOMRAM 00003C
Pot_Increase_Vref@amount                cstackCOMRAM 00003A
Pot_Reset@sensor                        cstackCOMRAM 00003D
Pot_Selector@sensor                     cstackCOMRAM 000035
Pot_Selector@status                     cstackCOMRAM 000032
Pot_Set@amount                          cstackCOMRAM 00003E
Pot_Set@sensor                          cstackCOMRAM 00003F
Pot_Set_Vref@amount                     cstackCOMRAM 00003B
USART_Init@BAUD                         cstackCOMRAM 000040
USART_Overflow@temp                     cstackCOMRAM 00003E
USART_RxS@count                         cstackCOMRAM 000045
USART_RxS@i                             cstackCOMRAM 000049
USART_RxS@length                        cstackCOMRAM 000044
USART_RxS@pointer                       cstackCOMRAM 00003F
USART_TxS@i                             cstackCOMRAM 00003C
USART_TxS@length                        cstackCOMRAM 00003A
USART_TxS@str                           cstackCOMRAM 000036
_ADCON0bits                             (abs)        000FC2
_ADCON1bits                             (abs)        000FC1
_ADCON2bits                             (abs)        000FC0
_ADC_Init                               text21       001ADC
_ADC_LecturaFiltro                      text9        0016FC
_ADRESH                                 (abs)        000FC4
_ADRESL                                 (abs)        000FC3
_CALIBRATION_REFERENCE                  bssCOMRAM    00000D
_CALIBRATION_RUN                        bssCOMRAM    00002A
_CALIBRATION_START                      dataCOMRAM   00005D
_CREN                                   (abs)        007D5C
_Calibration_Automatic                  text31       001DDE
_Calibration_Init                       text19       001EA4
_Calibration_Run                        text22       00132E
_Calibration_Set                        text26       001B2C
_Calibration_value                      bssCOMRAM    000005
_Concat_Value                           text2        000A20
_Conexion_perdida                       bssCOMRAM    00002B
_Direction                              bssCOMRAM    000026
_EEADR                                  (abs)        000FA9
_EECON1bits                             (abs)        000FA6
_EECON2                                 (abs)        000FA7
_EEDATA                                 (abs)        000FA8
_EEPROM_Decodificacion_Memoria          text44       001008
_EEPROM_Rx                              text43       001E2C
_EEPROM_Tx                              text25       001D60
_Escritura_Memoria                      text24       001C16
_FERR                                   (abs)        007D5A
_INTCONbits                             (abs)        000FF2
_InitPort                               text16       001C5E
_LATB                                   (abs)        000F8A
_LATBbits                               (abs)        000F8A
_LATCbits                               (abs)        000F8B
_LATDbits                               (abs)        000F8C
_LATE                                   (abs)        000F8D
_Lectura                                bssCOMRAM    000013
_LecturaFiltro                          bssCOMRAM    000011
_Lectura_Memoria                        text38       00164C
_Leer_Canal_ADC                         text10       001CE6
_OERR                                   (abs)        007D59
_OSCCON                                 (abs)        000FD3
_PIR1bits                               (abs)        000F9E
_PIR2bits                               (abs)        000FA1
_Pot                                    bssCOMRAM    000030
_Pot_Change                             text36       001A38
_Pot_Change_Vref                        text15       0019E6
_Pot_Decrease                           text34       001E40
_Pot_Decrease_Vref                      text13       001E72
_Pot_Increase                           text35       001E52
_Pot_Increase_Vref                      text14       001E80
_Pot_Init                               text20       000C02
_Pot_Reset                              text33       001E8E
_Pot_Reset_Vref                         text12       001E9C
_Pot_Selector                           text37       001238
_Pot_Set                                text32       001E18
_Pot_Set_Vref                           text11       001E64
_Pot_Value                              bssCOMRAM    00000B
_Pot_Value_str                          bssCOMRAM    000009
_RCIF                                   (abs)        007CF5
_RCREG                                  (abs)        000FAE
_RCSTAbits                              (abs)        000FAB
_Range_High                             dataCOMRAM   000059
_Range_Low                              dataCOMRAM   00005B
_Run_Protocol                           text1        000EDE
_SENSOR_0                               bssCOMRAM    000023
_SENSOR_1                               bssCOMRAM    000021
_SENSOR_2                               bssCOMRAM    00001F
_SENSOR_3                               bssCOMRAM    00001D
_SENSOR_4                               bssCOMRAM    00001B
_SENSOR_5                               bssCOMRAM    000019
_SENSOR_6                               bssCOMRAM    000017
_SENSOR_7                               bssCOMRAM    000015
_SENSOR_I                               bssCOMRAM    000027
_SENSOR_ID                              bssCOMRAM    000028
_SENSOR_VALUE                           bssCOMRAM    00000F
_SPBRG                                  (abs)        000FAF
_Suma                                   bssCOMRAM    000001
_TRISBbits                              (abs)        000F93
_TRISCbits                              (abs)        000F94
_TRISDbits                              (abs)        000F95
_TXEN                                   (abs)        007D65
_TXREG                                  (abs)        000FAD
_TXSTAbits                              (abs)        000FAC
_USART_Init                             text17       0018C8
_USART_Init$1929                        cstackCOMRAM 000044
_USART_Overflow                         text28       001B7A
_USART_RxC                              text23       001E02
_USART_RxS                              text27       0017A2
_USART_TxS                              text29       001848
__HRAM                                  (abs)        000000
__Habs1                                 abs1         000000
__Hbank0                                bank0        000000
__Hbank1                                bank1        000000
__Hbank2                                bank2        000000
__Hbank3                                bank3        000000
__Hbank4                                bank4        000000
__Hbank5                                bank5        000000
__Hbank6                                bank6        000000
__Hbank7                                bank7        000000
__Hbigbss                               bigbss       000000
__Hbigdata                              bigdata      000000
__Hbigram                               bigram       000000
__Hbigsfr                               bigsfr       000000
__Hbss                                  bss          000000
__HbssBANK0                             bssBANK0     000000
__HbssCOMRAM                            bssCOMRAM    000000
__Hcinit                                cinit        000000
__Hclrtext                              clrtext      000000
__Hcomram                               comram       000000
__Hconfig                               config       30000E
__Hconst                                const        000000
__HcstackCOMRAM                         cstackCOMRAM 000000
__Hdata                                 data         000000
__HdataCOMRAM                           dataCOMRAM   000000
__Heeprom_data                          eeprom_data  000000
__Hfarbss                               farbss       000000
__Hfardata                              fardata      000000
__Hheap                                 heap         000000
__Hibigdata                             ibigdata     000000
__Hidata                                idata        000000
__HidataCOMRAM                          idataCOMRAM  000000
__Hidloc                                idloc        200008
__Hifardata                             ifardata     000000
__Hinit                                 init         000004
__Hintcode                              intcode      000000
__Hintcode_body                         intcode_body 000000
__Hintcodelo                            intcodelo    000000
__Hintentry                             intentry     000000
__Hintret                               intret       000000
__Hintsave_regs                         intsave_regs 000000
__Hirdata                               irdata       000000
__Hmediumconst                          mediumconst  000000
__HnvFARRAM                             nvFARRAM     000000
__Hnvbit                                nvbit        000000
__Hnvrram                               nvrram       000000
__Hparam                                rparam       000000
__Hpowerup                              powerup      000000
__Hram                                  ram          000000
__Hramtop                               ramtop       000800
__Hrbit                                 rbit         000000
__Hrbss                                 rbss         000000
__Hrdata                                rdata        000000
__Hreset_vec                            reset_vec    000000
__Hrparam                               rparam       000000
__Hsfr                                  sfr          000000
__Hsmallconst                           smallconst   000814
__Hspace_0                              (abs)        001EAF
__Hspace_1                              (abs)        000081
__Hspace_2                              (abs)        000000
__Hspace_4                              (abs)        60000E
__Hstack                                stack        000000
__Hstruct                               struct       000000
__Htemp                                 temp         000000
__Htext                                 text         000000
__Htext0                                text0        000000
__Htext1                                text1        000000
__Htext10                               text10       000000
__Htext11                               text11       000000
__Htext12                               text12       000000
__Htext13                               text13       000000
__Htext14                               text14       000000
__Htext15                               text15       000000
__Htext16                               text16       000000
__Htext17                               text17       000000
__Htext18                               text18       000000
__Htext19                               text19       000000
__Htext2                                text2        000000
__Htext20                               text20       000000
__Htext21                               text21       000000
__Htext22                               text22       000000
__Htext23                               text23       000000
__Htext24                               text24       000000
__Htext25                               text25       000000
__Htext26                               text26       000000
__Htext27                               text27       000000
__Htext28                               text28       000000
__Htext29                               text29       000000
__Htext3                                text3        000000
__Htext30                               text30       000000
__Htext31                               text31       000000
__Htext32                               text32       000000
__Htext33                               text33       000000
__Htext34                               text34       000000
__Htext35                               text35       000000
__Htext36                               text36       000000
__Htext37                               text37       000000
__Htext38                               text38       000000
__Htext39                               text39       000000
__Htext4                                text4        000000
__Htext40                               text40       000000
__Htext41                               text41       000000
__Htext42                               text42       000000
__Htext43                               text43       000000
__Htext44                               text44       000000
__Htext5                                text5        000000
__Htext6                                text6        000000
__Htext7                                text7        000000
__Htext8                                text8        000000
__Htext9                                text9        000000
__LRAM                                  (abs)        000001
__Labs1                                 abs1         000000
__Lbank0                                bank0        000000
__Lbank1                                bank1        000000
__Lbank2                                bank2        000000
__Lbank3                                bank3        000000
__Lbank4                                bank4        000000
__Lbank5                                bank5        000000
__Lbank6                                bank6        000000
__Lbank7                                bank7        000000
__Lbigbss                               bigbss       000000
__Lbigdata                              bigdata      000000
__Lbigram                               bigram       000000
__Lbigsfr                               bigsfr       000000
__Lbss                                  bss          000000
__LbssBANK0                             bssBANK0     000000
__LbssCOMRAM                            bssCOMRAM    000000
__Lcinit                                cinit        000000
__Lclrtext                              clrtext      000000
__Lcomram                               comram       000000
__Lconfig                               config       000000
__Lconst                                const        000000
__LcstackCOMRAM                         cstackCOMRAM 000000
__Ldata                                 data         000000
__LdataCOMRAM                           dataCOMRAM   000000
__Leeprom_data                          eeprom_data  000000
__Lfarbss                               farbss       000000
__Lfardata                              fardata      000000
__Lheap                                 heap         000000
__Libigdata                             ibigdata     000000
__Lidata                                idata        000000
__LidataCOMRAM                          idataCOMRAM  000000
__Lidloc                                idloc        000000
__Lifardata                             ifardata     000000
__Linit                                 init         000000
__Lintcode                              intcode      000000
__Lintcode_body                         intcode_body 000000
__Lintcodelo                            intcodelo    000000
__Lintentry                             intentry     000000
__Lintret                               intret       000000
__Lintsave_regs                         intsave_regs 000000
__Lirdata                               irdata       000000
__Lmediumconst                          mediumconst  000000
__LnvFARRAM                             nvFARRAM     000000
__Lnvbit                                nvbit        000000
__Lnvrram                               nvrram       000000
__Lparam                                rparam       000000
__Lpowerup                              powerup      000000
__Lram                                  ram          000000
__Lramtop                               ramtop       000800
__Lrbit                                 rbit         000000
__Lrbss                                 rbss         000000
__Lrdata                                rdata        000000
__Lreset_vec                            reset_vec    000000
__Lrparam                               rparam       000000
__Lsfr                                  sfr          000000
__Lsmallconst                           smallconst   000800
__Lspace_0                              (abs)        000000
__Lspace_1                              (abs)        000000
__Lspace_2                              (abs)        000000
__Lspace_4                              (abs)        000000
__Lstack                                stack        000000
__Lstruct                               struct       000000
__Ltemp                                 temp         000000
__Ltext                                 text         000000
__Ltext0                                text0        000000
__Ltext1                                text1        000000
__Ltext10                               text10       000000
__Ltext11                               text11       000000
__Ltext12                               text12       000000
__Ltext13                               text13       000000
__Ltext14                               text14       000000
__Ltext15                               text15       000000
__Ltext16                               text16       000000
__Ltext17                               text17       000000
__Ltext18                               text18       000000
__Ltext19                               text19       000000
__Ltext2                                text2        000000
__Ltext20                               text20       000000
__Ltext21                               text21       000000
__Ltext22                               text22       000000
__Ltext23                               text23       000000
__Ltext24                               text24       000000
__Ltext25                               text25       000000
__Ltext26                               text26       000000
__Ltext27                               text27       000000
__Ltext28                               text28       000000
__Ltext29                               text29       000000
__Ltext3                                text3        000000
__Ltext30                               text30       000000
__Ltext31                               text31       000000
__Ltext32                               text32       000000
__Ltext33                               text33       000000
__Ltext34                               text34       000000
__Ltext35                               text35       000000
__Ltext36                               text36       000000
__Ltext37                               text37       000000
__Ltext38                               text38       000000
__Ltext39                               text39       000000
__Ltext4                                text4        000000
__Ltext40                               text40       000000
__Ltext41                               text41       000000
__Ltext42                               text42       000000
__Ltext43                               text43       000000
__Ltext44                               text44       000000
__Ltext5                                text5        000000
__Ltext6                                text6        000000
__Ltext7                                text7        000000
__Ltext8                                text8        000000
__Ltext9                                text9        000000
__S0                                    (abs)        001EAF
__S1                                    (abs)        000081
__S4                                    (abs)        000000
__S5                                    (abs)        000000
___aldiv                                text18       00112C
___aldiv@counter                        cstackCOMRAM 00003A
___aldiv@dividend                       cstackCOMRAM 000032
___aldiv@divisor                        cstackCOMRAM 000036
___aldiv@quotient                       cstackCOMRAM 00003C
___aldiv@sign                           cstackCOMRAM 00003B
___awdiv                                text8        00141A
___awdiv@counter                        cstackCOMRAM 000036
___awdiv@dividend                       cstackCOMRAM 000032
___awdiv@divisor                        cstackCOMRAM 000034
___awdiv@quotient                       cstackCOMRAM 000038
___awdiv@sign                           cstackCOMRAM 000037
___awmod                                text7        00159C
___awmod@counter                        cstackCOMRAM 000036
___awmod@dividend                       cstackCOMRAM 000032
___awmod@divisor                        cstackCOMRAM 000034
___awmod@sign                           cstackCOMRAM 000037
___heap_hi                              (abs)        000000
___heap_lo                              (abs)        000000
___inthi_sp                             stack        000000
___intlo_sp                             stack        000000
___param_bank                           (abs)        000000
___rparam_used                          (abs)        000001
___sp                                   stack        000000
___wmul                                 text42       001DB8
___wmul@multiplicand                    cstackCOMRAM 000034
___wmul@multiplier                      cstackCOMRAM 000032
___wmul@product                         cstackCOMRAM 000036
__accesstop                             (abs)        000060
__activetblptr                          (abs)        000002
__end_of_ADC_Init                       text21       001B2C
__end_of_ADC_LecturaFiltro              text9        0017A2
__end_of_Calibration_Automatic          text31       001E02
__end_of_Calibration_Init               text19       001EAA
__end_of_Calibration_Run                text22       00141A
__end_of_Calibration_Set                text26       001B7A
__end_of_Concat_Value                   text2        000C02
__end_of_EEPROM_Decodificacion_Memoria  text44       00112C
__end_of_EEPROM_Rx                      text43       001E40
__end_of_EEPROM_Tx                      text25       001D92
__end_of_Escritura_Memoria              text24       001C5E
__end_of_InitPort                       text16       001CA4
__end_of_Lectura_Memoria                text38       0016FC
__end_of_Leer_Canal_ADC                 text10       001D28
__end_of_Pot_Change                     text36       001A8A
__end_of_Pot_Change_Vref                text15       001A38
__end_of_Pot_Decrease                   text34       001E52
__end_of_Pot_Decrease_Vref              text13       001E80
__end_of_Pot_Increase                   text35       001E64
__end_of_Pot_Increase_Vref              text14       001E8E
__end_of_Pot_Init                       text20       000D8E
__end_of_Pot_Reset                      text33       001E9C
__end_of_Pot_Reset_Vref                 text12       001EA4
__end_of_Pot_Selector                   text37       00132E
__end_of_Pot_Set                        text32       001E2C
__end_of_Pot_Set_Vref                   text11       001E72
__end_of_Run_Protocol                   text1        001008
__end_of_USART_Init                     text17       001938
__end_of_USART_Overflow                 text28       001BC8
__end_of_USART_RxC                      text23       001E18
__end_of_USART_RxS                      text27       001848
__end_of_USART_TxS                      text29       0018C8
__end_of___aldiv                        text18       001238
__end_of___awdiv                        text8        0014DE
__end_of___awmod                        text7        00164C
__end_of___wmul                         text42       001DDE
__end_of__initialization                cinit        001CDC
__end_of_atoi                           text39       000EDE
__end_of_changeInt                      text5        00159C
__end_of_isdigit                        text41       001D60
__end_of_isspace                        text40       001ADC
__end_of_main                           text0        000A20
__end_of_strcat                         text3        001DB8
__end_of_strcpy                         text4        001994
__end_of_strlen                         text30       001C16
__end_of_strreverse                     text6        0019E6
__initialization                        cinit        001CA4
__mediumconst                           mediumconst  000000
__pbssBANK0                             bssBANK0     000060
__pbssCOMRAM                            bssCOMRAM    000001
__pcinit                                cinit        001CA4
__pcstackCOMRAM                         cstackCOMRAM 000032
__pdataCOMRAM                           dataCOMRAM   000059
__pidataCOMRAM                          idataCOMRAM  001EAA
__psmallconst                           smallconst   000800
__ptext0                                text0        000814
__ptext1                                text1        000EDE
__ptext10                               text10       001CE6
__ptext11                               text11       001E64
__ptext12                               text12       001E9C
__ptext13                               text13       001E72
__ptext14                               text14       001E80
__ptext15                               text15       0019E6
__ptext16                               text16       001C5E
__ptext17                               text17       0018C8
__ptext18                               text18       00112C
__ptext19                               text19       001EA4
__ptext2                                text2        000A20
__ptext20                               text20       000C02
__ptext21                               text21       001ADC
__ptext22                               text22       00132E
__ptext23                               text23       001E02
__ptext24                               text24       001C16
__ptext25                               text25       001D60
__ptext26                               text26       001B2C
__ptext27                               text27       0017A2
__ptext28                               text28       001B7A
__ptext29                               text29       001848
__ptext3                                text3        001D92
__ptext30                               text30       001BC8
__ptext31                               text31       001DDE
__ptext32                               text32       001E18
__ptext33                               text33       001E8E
__ptext34                               text34       001E40
__ptext35                               text35       001E52
__ptext36                               text36       001A38
__ptext37                               text37       001238
__ptext38                               text38       00164C
__ptext39                               text39       000D8E
__ptext4                                text4        001938
__ptext40                               text40       001A8A
__ptext41                               text41       001D28
__ptext42                               text42       001DB8
__ptext43                               text43       001E2C
__ptext44                               text44       001008
__ptext5                                text5        0014DE
__ptext6                                text6        001994
__ptext7                                text7        00159C
__ptext8                                text8        00141A
__ptext9                                text9        0016FC
__ramtop                                ramtop       000800
__smallconst                            smallconst   000800
_atoi                                   text39       000D8E
_cadena                                 bssCOMRAM    00002C
_changeInt                              text5        0014DE
_data                                   bssCOMRAM    000025
_flag                                   bssCOMRAM    000029
_isdigit                                text41       001D28
_isspace                                text40       001A8A
_isspace$1693                           cstackCOMRAM 000038
_main                                   text0        000814
_potenciometro                          bssCOMRAM    000007
_result                                 bssBANK0     000060
_strcat                                 text3        001D92
_strcpy                                 text4        001938
_strlen                                 text30       001BC8
_strreverse                             text6        001994
atoi@n                                  cstackCOMRAM 000041
atoi@neg                                cstackCOMRAM 00003F
atoi@s                                  cstackCOMRAM 000039
changeInt@sign                          cstackCOMRAM 00003E
changeInt@str                           cstackCOMRAM 00003C
changeInt@value                         cstackCOMRAM 00003A
changeInt@wstr                          cstackCOMRAM 000040
end_of_initialization                   cinit        001CDC
intlevel0                               text         000000
intlevel1                               text         000000
intlevel2                               text         000000
intlevel3                               text         000000
isa$std                                 (abs)        000001
isa$xinst                               (abs)        000000
isdigit@c                               cstackCOMRAM 000032
isspace@c                               cstackCOMRAM 000032
main@code                               cstackCOMRAM 000058
stackhi                                 (abs)        000000
stacklo                                 (abs)        000000
start                                   init         000000
start_initialization                    cinit        001CA4
strcat@dest                             cstackCOMRAM 000040
strcat@src                              cstackCOMRAM 000042
strcpy@d                                cstackCOMRAM 00003E
strcpy@dest                             cstackCOMRAM 000036
strcpy@s                                cstackCOMRAM 00003C
strcpy@src                              cstackCOMRAM 000038
strlen@a                                cstackCOMRAM 000034
strlen@s                                cstackCOMRAM 000032
strreverse@aux                          cstackCOMRAM 000036
strreverse@begin                        cstackCOMRAM 000032
strreverse@end                          cstackCOMRAM 000034


MODULE INFORMATION

Module		Function		Class		Link	Load	Size
Calibration.c
		_Calibration_Init		CODE           	1EA4	0000	6
		_Calibration_Automatic		CODE           	1DDE	0000	36
		_Calibration_Set		CODE           	1B2C	0000	78
		_Calibration_Run		CODE           	132E	0000	236

Calibration.c estimated size: 356

C:\Program Files\Microchip\xc8\v2.35\pic\sources\c99\common\atoi.c
		_atoi          		CODE           	0D8E	0000	336

C:\Program Files\Microchip\xc8\v2.35\pic\sources\c99\common\atoi.c estimated size: 336

UART.c
		_USART_RxC     		CODE           	1E02	0000	22
		_USART_RxS     		CODE           	17A2	0000	166
		_USART_Overflow		CODE           	1B7A	0000	78
		_USART_TxS     		CODE           	1848	0000	128
		_USART_Init    		CODE           	18C8	0000	112

UART.c estimated size: 506

Pot.c
		_Pot_Increase  		CODE           	1E52	0000	18
		_Pot_Change_Vref		CODE           	19E6	0000	82
		_Pot_Decrease  		CODE           	1E40	0000	18
		_Pot_Init      		CODE           	0C02	0000	396
		_Pot_Increase_Vref		CODE           	1E80	0000	14
		_Pot_Decrease_Vref		CODE           	1E72	0000	14
		_Pot_Set       		CODE           	1E18	0000	20
		_Pot_Set_Vref  		CODE           	1E64	0000	14
		_Pot_Reset     		CODE           	1E8E	0000	14
		_Pot_Change    		CODE           	1A38	0000	82
		_Pot_Reset_Vref		CODE           	1E9C	0000	8
		_Pot_Selector  		CODE           	1238	0000	246

Pot.c estimated size: 926

C:\Program Files\Microchip\xc8\v2.35\pic\sources\c99\common\awdiv.c
		___awdiv       		CODE           	141A	0000	196

C:\Program Files\Microchip\xc8\v2.35\pic\sources\c99\common\awdiv.c estimated size: 196

C:\Program Files\Microchip\xc8\v2.35\pic\sources\c99\common\Umul16.c
		___wmul        		CODE           	1DB8	0000	38

C:\Program Files\Microchip\xc8\v2.35\pic\sources\c99\common\Umul16.c estimated size: 38

C:\Program Files\Microchip\xc8\v2.35\pic\sources\c99\common\isspace.c
		_isspace       		CODE           	1A8A	0000	82

C:\Program Files\Microchip\xc8\v2.35\pic\sources\c99\common\isspace.c estimated size: 82

C:\Program Files\Microchip\xc8\v2.35\pic\sources\c99\common\aldiv.c
		___aldiv       		CODE           	112C	0000	268

C:\Program Files\Microchip\xc8\v2.35\pic\sources\c99\common\aldiv.c estimated size: 268

newmain.c
		_InitPort      		CODE           	1C5E	0000	70
		_main          		CODE           	0814	0000	524
		_Run_Protocol  		CODE           	0EDE	0000	298

newmain.c estimated size: 892

EEPROM.c
		_EEPROM_Rx     		CODE           	1E2C	0000	20
		_EEPROM_Tx     		CODE           	1D60	0000	50
		_EEPROM_Decodificacion_Memoria		CODE           	1008	0000	292
		_Lectura_Memoria		CODE           	164C	0000	176
		_Escritura_Memoria		CODE           	1C16	0000	72

EEPROM.c estimated size: 610

C:\Program Files\Microchip\xc8\v2.35\pic\sources\c99\common\isdigit.c
		_isdigit       		CODE           	1D28	0000	56

C:\Program Files\Microchip\xc8\v2.35\pic\sources\c99\common\isdigit.c estimated size: 56

shared
		__initialization		CODE           	1CA4	0000	56

shared estimated size: 56

C:\Program Files\Microchip\xc8\v2.35\pic\sources\c99\common\strcat.c
		_strcat        		CODE           	1D92	0000	38

C:\Program Files\Microchip\xc8\v2.35\pic\sources\c99\common\strcat.c estimated size: 38

ADC.c
		_Concat_Value  		CODE           	0A20	0000	482
		_Leer_Canal_ADC		CODE           	1CE6	0000	66
		_ADC_LecturaFiltro		CODE           	16FC	0000	166
		_changeInt     		CODE           	14DE	0000	190
		_ADC_Init      		CODE           	1ADC	0000	80
		_strreverse    		CODE           	1994	0000	82

ADC.c estimated size: 1066

C:\Program Files\Microchip\xc8\v2.35\pic\sources\c99\common\strlen.c
		_strlen        		CODE           	1BC8	0000	78

C:\Program Files\Microchip\xc8\v2.35\pic\sources\c99\common\strlen.c estimated size: 78

C:\Program Files\Microchip\xc8\v2.35\pic\sources\c99\common\strcpy.c
		_strcpy        		CODE           	1938	0000	92

C:\Program Files\Microchip\xc8\v2.35\pic\sources\c99\common\strcpy.c estimated size: 92

C:\Program Files\Microchip\xc8\v2.35\pic\sources\c99\common\awmod.c
		___awmod       		CODE           	159C	0000	176

C:\Program Files\Microchip\xc8\v2.35\pic\sources\c99\common\awmod.c estimated size: 176

